
Hexadecimal

Area                               Addr   Size   Decimal Bytes (Attributes)
--------------------------------   ----   ----   ------- ----- ------------
.  .ABS.                           0000   0000 =      0. bytes (ABS,CON)

      Value  Global
   --------  --------------------------------
     0000    l_BIT_BANK
     0000    l_GSINIT
     0000    l_GSINIT1
     0000    l_GSINIT5
     0000    l_ISEG
     0000    l_PSEG
     0000    l_REG_BANK_1
     0000    l_REG_BANK_2
     0000    l_REG_BANK_3
     0000    l_RSEG
     0000    l__CODE
     0000    s_BSEG
     0000    s_DSEG
     0000    s_HOME
     0000    s_PSEG
     0000    s_REG_BANK_0
     0000    s_XSEG
     0000    s__CODE
     0001    l_BSEG_BYTES
     0002    l_BSEG
     0003    l_GSFINAL
     0003    l_GSINIT0
     0004    l_XINIT
     0004    l_XISEG
     0006    l_OSEG
     0008    l_REG_BANK_0
     0008    s_REG_BANK_1
     000A    l_GSINIT2
     0010    s_REG_BANK_2
     0016    l_HOME
     0016    s_GSINIT0
     0018    s_REG_BANK_3
     0019    s_GSINIT1
     0019    s_GSINIT2
     0020    s_BSEG_BYTES
     0021    s_BIT_BANK
     0022    l_GSINIT3
     0023    s_GSINIT3
     0026    s_OSEG
     002A    l_GSINIT4
     002C    s_RSEG
     002C    s_SSEG
     0045    s_GSINIT4
     006F    s_GSFINAL
     006F    s_GSINIT
     006F    s_GSINIT5
     0072    s_CSEG
     007E    l_DSEG
     0080    _P0
     0080    _P0_0
     0080    s_ISEG
     0081    _P0_1
     0081    _SP
     0082    _DPL
     0082    _P0_2
     0083    _DPH
     0083    _P0_3
     0084    _P0_4
     0085    _P0_5
     0086    _P0_6
     0087    _P0_7
     0087    _PCON
     0088    _IT0
     0088    _TCON
     0089    _IE0
     0089    _TMOD
     008A    _IT1
     008A    _TL0
     008B    _IE1
     008B    _TL1
     008C    _TH0
     008C    _TR0
     008D    _TF0
     008D    _TH1
     008E    _AUXR
     008E    _TR1
     008F    _CKCKON0
     008F    _CKCKON1
     008F    _TF1
     0090    _P1
     0090    _P1_0
     0091    _P1_1
     0092    _P1_2
     0093    _P1_3
     0094    _P1_4
     0095    _P1_5
     0096    _P1_6
     0097    _CKRL
     0097    _P1_7
     0098    _RI
     0098    _SCON
     0099    _SBUF
     0099    _TI
     009A    _BRL
     009A    _RB8
     009B    _BDRCON
     009B    _TB8
     009C    _KBLS
     009C    _REN
     009D    _KBE
     009D    _SM2
     009E    _KBF
     009E    _SM1
     009F    _SM0
     00A0    _P2
     00A0    _P2_0
     00A0    __XPAGE
     00A1    _P2_1
     00A2    _AUXR1
     00A2    _P2_2
     00A3    _P2_3
     00A4    _P2_4
     00A5    _P2_5
     00A6    _P2_6
     00A6    _WDTRST
     00A7    _P2_7
     00A7    _WDTPRG
     00A8    _EX0
     00A8    _IE
     00A8    _IEN0
     00A9    _ET0
     00A9    _SADDR
     00AA    _EX1
     00AB    _ET1
     00AC    _ES
     00AD    _ET2
     00AE    _EC
     00AF    _EA
     00B0    _P3
     00B0    _P3_0
     00B0    _RXD
     00B1    _IEN1
     00B1    _P3_1
     00B1    _TXD
     00B2    _INT0
     00B2    _IPL1
     00B2    _P3_2
     00B3    _INT1
     00B3    _IPH1
     00B3    _P3_3
     00B4    _P3_4
     00B4    _T0
     00B5    _P3_5
     00B5    _T1
     00B6    _P3_6
     00B6    _WR
     00B7    _IPH0
     00B7    _P3_7
     00B7    _RD
     00B8    _IP
     00B8    _IPL0
     00B8    _PX0
     00B8    _PX0L
     00B9    _PT0
     00B9    _PT0L
     00B9    _SADEN
     00BA    _PX1
     00BA    _PX1L
     00BB    _PT1
     00BB    _PT1L
     00BC    _PLS
     00BC    _PS
     00BD    _PT2
     00BD    _PT2L
     00BE    _PPCL
     00C0    _P4
     00C0    _P4_0
     00C1    _P4_1
     00C2    _P4_2
     00C3    _P4_3
     00C3    _SPCON
     00C4    _P4_4
     00C4    _SPSTA
     00C5    _P4_5
     00C5    _SPDAT
     00C6    _P4_6
     00C7    _P4_7
     00C8    _CP_RL2
     00C8    _T2CON
     00C8    _T2CON_0
     00C9    _C_T2
     00C9    _T2CON_1
     00C9    _T2MOD
     00CA    _RCAP2L
     00CA    _T2CON_2
     00CA    _TR2
     00CB    _EXEN2
     00CB    _RCAP2H
     00CB    _T2CON_3
     00CC    _T2CON_4
     00CC    _TCLK
     00CC    _TL2
     00CD    _RCLK
     00CD    _T2CON_5
     00CD    _TH2
     00CE    _EXF2
     00CE    _T2CON_6
     00CF    _T2CON_7
     00CF    _TF2
     00D0    _P
     00D0    _PSW
     00D1    _F1
     00D2    _EECON
     00D2    _OV
     00D3    _RS0
     00D4    _RS1
     00D4    l_SSEG
     00D5    _F0
     00D6    _AC
     00D7    _CY
     00D8    _CCF0
     00D8    _CCON
     00D8    _P5
     00D8    _P5_0
     00D9    _CCF1
     00D9    _CMOD
     00D9    _P5_1
     00DA    _CCAPM0
     00DA    _CCF2
     00DA    _P5_2
     00DB    _CCAPM1
     00DB    _CCF3
     00DB    _P5_3
     00DC    _CCAPM2
     00DC    _CCF4
     00DC    _P5_4
     00DD    _CCAPM3
     00DD    _P5_5
     00DE    _CCAPM4
     00DE    _CR
     00DE    _P5_6
     00DF    _CF
     00DF    _P5_7
     00E0    _ACC
     00E9    _CL
     00EA    _CCAP0L
     00EB    _CCAP1L
     00EC    _CCAP2L
     00ED    _CCAP3L
     00EE    _CCAP4L
     00F0    _B
     00F5    _B_5
     00F6    _B_6
     00F7    _B_7
     00F9    _CH
     00FA    _CCAP0H
     00FB    _CCAP1H
     00FC    _CCAP2H
     00FD    _CCAP3H
     00FE    _CCAP4H
     0100    l_IRAM
     0606    l_XSEG
     0606    s_XISEG
     0832    l_CONST
     4652    l_CSEG
     46C4    s_CONST
     4EF6    s_XINIT

Hexadecimal

Area                               Addr   Size   Decimal Bytes (Attributes)
--------------------------------   ----   ----   ------- ----- ------------
_CODE                              0000   0000 =      0. bytes (REL,CON)

Hexadecimal

Area                               Addr   Size   Decimal Bytes (Attributes)
--------------------------------   ----   ----   ------- ----- ------------
REG_BANK_0                         0000   0008 =      8. bytes (REL,OVR)

Hexadecimal

Area                               Addr   Size   Decimal Bytes (Attributes)
--------------------------------   ----   ----   ------- ----- ------------
REG_BANK_1                         0008   0000 =      0. bytes (REL,OVR)

Hexadecimal

Area                               Addr   Size   Decimal Bytes (Attributes)
--------------------------------   ----   ----   ------- ----- ------------
REG_BANK_2                         0010   0000 =      0. bytes (REL,OVR)

Hexadecimal

Area                               Addr   Size   Decimal Bytes (Attributes)
--------------------------------   ----   ----   ------- ----- ------------
REG_BANK_3                         0018   0000 =      0. bytes (REL,OVR)

Hexadecimal

Area                               Addr   Size   Decimal Bits  (Attributes)
--------------------------------   ----   ----   ------- ----- ------------
BSEG                               0000   0002 =      2. bits  (REL,CON,BIT)

Hexadecimal

Area                               Addr   Size   Decimal Bytes (Attributes)
--------------------------------   ----   ----   ------- ----- ------------
BSEG_BYTES                         0020   0001 =      1. bytes (REL,CON)

Hexadecimal

Area                               Addr   Size   Decimal Bytes (Attributes)
--------------------------------   ----   ----   ------- ----- ------------
BIT_BANK                           0021   0000 =      0. bytes (REL,OVR)

Hexadecimal

Area                               Addr   Size   Decimal Bytes (Attributes)
--------------------------------   ----   ----   ------- ----- ------------
DSEG                               0000   007E =    126. bytes (REL,CON)

      Value  Global
   --------  --------------------------------
     0019    _bp

Hexadecimal

Area                               Addr   Size   Decimal Bytes (Attributes)
--------------------------------   ----   ----   ------- ----- ------------
OSEG                               0026   0006 =      6. bytes (REL,OVR)

      Value  Global
   --------  --------------------------------
     0026    _strstr_sloc0_1_0
     0029    _strstr_sloc1_1_0

Hexadecimal

Area                               Addr   Size   Decimal Bytes (Attributes)
--------------------------------   ----   ----   ------- ----- ------------
ISEG                               0080   0000 =      0. bytes (REL,CON)

Hexadecimal

Area                               Addr   Size   Decimal Bytes (Attributes)
--------------------------------   ----   ----   ------- ----- ------------
SSEG                               002C   00D4 =    212. bytes (REL,OVR)

      Value  Global
   --------  --------------------------------
     002C    __start__stack

Hexadecimal

Area                               Addr   Size   Decimal Bytes (Attributes)
--------------------------------   ----   ----   ------- ----- ------------
RSEG                               002C   0000 =      0. bytes (REL,CON)

Hexadecimal

Area                               Addr   Size   Decimal Bytes (Attributes)
--------------------------------   ----   ----   ------- ----- ------------
PSEG                               0000   0000 =      0. bytes (REL,CON,PAG,XDATA)

Hexadecimal

Area                               Addr   Size   Decimal Bytes (Attributes)
--------------------------------   ----   ----   ------- ----- ------------
XSEG                               0000   0606 =   1542. bytes (REL,CON,XDATA)

      Value  Global
   --------  --------------------------------
  0D:0011    _clock_control_PARM_2
  0D:0012    _clock_control_PARM_3
  0D:003D    _seq_read_PARM_2
  0D:003E    _seq_read_PARM_3
  0D:0040    _seq_read_PARM_4
  0D:0044    _page_write_PARM_2
  0D:0045    _page_write_PARM_3
  0D:0048    _page_write_PARM_4
  0D:004B    _EEPROM_WriteByte_PARM_2
  0D:004C    _EEPROM_WriteByte_PARM_3
  0D:004E    _EEPROM_ReadByte_PARM_2
  0D:005A    _page_write_block_PARM_2
  0D:005B    _page_write_block_PARM_3
  0D:005C    _page_write_block_PARM_4
  0D:010E    _lcdgotoxy_PARM_2
  0D:0110    _lcd_display_PARM_2
  0D:0120    _lcdcreatechar_PARM_2
  0D:0132    _lcd_dis_cus_PARM_2
  0D:0133    _lcd_dis_cus_PARM_3
  0D:0135    _sd_log_data
  0D:0335    _sd_sector
  0D:0338    _timeout
  0D:0339    _gps_flag
  0D:033A    _fr
  0D:033C    _display
  0D:033E    _h
  0D:033F    _m
  0D:0340    _s
  0D:0341    _sensor_data
  0D:0346    _log_f
  0D:0347    _sensor
  0D:0382    _sd_read_data
  0D:05B7    _sdcard_write_block_PARM_2
  0D:05D1    _PRESSURE_WriteByte_PARM_2
  0D:05D4    __divuint_PARM_2
  0D:05DD    _strstr_PARM_2
  0D:05EE    __gptrput_PARM_2
  0D:05EF    __mulint_PARM_2
  0D:05F1    _powf_PARM_2
  0D:05F9    __modsint_PARM_2
  0D:05FD    __moduint_PARM_2
  0D:0602    __divsint_PARM_2

Hexadecimal

Area                               Addr   Size   Decimal Bytes (Attributes)
--------------------------------   ----   ----   ------- ----- ------------
XISEG                              0606   0004 =      4. bytes (REL,CON,XDATA)

      Value  Global
   --------  --------------------------------
  0D:0606    _flag
  0D:0607    _date

Hexadecimal

Area                               Addr   Size   Decimal Bytes (Attributes)
--------------------------------   ----   ----   ------- ----- ------------
HOME                               0000   0016 =     22. bytes (REL,CON,CODE)

Hexadecimal

Area                               Addr   Size   Decimal Bytes (Attributes)
--------------------------------   ----   ----   ------- ----- ------------
GSINIT0                            0016   0003 =      3. bytes (REL,CON,CODE)

      Value  Global
   --------  --------------------------------
  0C:0016    __sdcc_gsinit_startup

Hexadecimal

Area                               Addr   Size   Decimal Bytes (Attributes)
--------------------------------   ----   ----   ------- ----- ------------
GSINIT1                            0019   0000 =      0. bytes (REL,CON,CODE)

Hexadecimal

Area                               Addr   Size   Decimal Bytes (Attributes)
--------------------------------   ----   ----   ------- ----- ------------
GSINIT2                            0019   000A =     10. bytes (REL,CON,CODE)

Hexadecimal

Area                               Addr   Size   Decimal Bytes (Attributes)
--------------------------------   ----   ----   ------- ----- ------------
GSINIT3                            0023   0022 =     34. bytes (REL,CON,CODE)

      Value  Global
   --------  --------------------------------
  0C:0023    __mcs51_genXINIT

Hexadecimal

Area                               Addr   Size   Decimal Bytes (Attributes)
--------------------------------   ----   ----   ------- ----- ------------
GSINIT4                            0045   002A =     42. bytes (REL,CON,CODE)

      Value  Global
   --------  --------------------------------
  0C:0045    __mcs51_genRAMCLEAR
  0C:004B    __mcs51_genXRAMCLEAR

Hexadecimal

Area                               Addr   Size   Decimal Bytes (Attributes)
--------------------------------   ----   ----   ------- ----- ------------
GSINIT5                            006F   0000 =      0. bytes (REL,CON,CODE)

Hexadecimal

Area                               Addr   Size   Decimal Bytes (Attributes)
--------------------------------   ----   ----   ------- ----- ------------
GSINIT                             006F   0000 =      0. bytes (REL,CON,CODE)

Hexadecimal

Area                               Addr   Size   Decimal Bytes (Attributes)
--------------------------------   ----   ----   ------- ----- ------------
GSFINAL                            006F   0003 =      3. bytes (REL,CON,CODE)

Hexadecimal

Area                               Addr   Size   Decimal Bytes (Attributes)
--------------------------------   ----   ----   ------- ----- ------------
CSEG                               0072   4652 =  18002. bytes (REL,CON,CODE)

      Value  Global
   --------  --------------------------------
  0C:0072    _ADC_write
  0C:008C    _ADC_read
  0C:00A3    _HUMIDITY_calibration
  0C:010B    _LIGHT_calibration
  0C:0139    _atoh
  0C:03CD    _atoh_data
  0C:05EF    _ctoa
  0C:0685    _atob
  0C:06C7    _timer_init
  0C:06DA    _clock_reset
  0C:06E9    _clock_control
  0C:089F    _DDRAM_dump
  0C:09F5    _CGRAM_dump
  0C:0AA3    _hex_dump
  0C:0D28    _delay_us
  0C:0D5B    _delay_ms
  0C:0D9C    _delay_sec
  0C:0DC4    _seq_read
  0C:0EB4    _page_write
  0C:0F7F    _EEPROM_WriteByte
  0C:0FD9    _EEPROM_ReadByte
  0C:1044    _eereset
  0C:1066    _eeprom_block_fill
  0C:13CE    _page_write_block
  0C:146E    _EEPROM_ACK_Poll
  0C:149A    _gps_read
  0C:1530    _gps_time
  0C:15AB    _gps_status
  0C:160A    _gps_latitude
  0C:16A3    _gps_longitude
  0C:173C    _gps_date
  0C:17B7    _I2C_Clock
  0C:17C8    _I2C_Start
  0C:17E5    _I2C_Stop
  0C:1800    _I2C_Write
  0C:182D    _I2C_Read
  0C:1877    _I2C_Ack
  0C:188B    _I2C_Ack_seq
  0C:1893    _I2C_NoAck
  0C:189B    _IOEX_WriteByte
  0C:18C3    _IOEX_ReadByte
  0C:18EF    _io_cnt
  0C:1979    _io_exp_dir
  0C:1AFE    _lcd_init
  0C:1B5D    _lcdputch
  0C:1B88    _lcdputcmd
  0C:1BA7    _lcdread
  0C:1BBE    _lcdgotoaddr
  0C:1BDD    _lcdbusywait
  0C:1C08    _lcdputstr
  0C:1D1E    _lcdgotoxy
  0C:1DAD    _lcd_display
  0C:1E97    _lcdcreatechar
  0C:1F03    _logo_creator
  0C:205D    _lcd_dis_cus
  0C:208C    __sdcc_program_startup
  0C:2091    __sdcc_external_startup
  0C:2098    _main
  0C:2B49    _s_one
  0C:2BD8    _s_two
  0C:2C68    _timer_isr
  0C:2D67    _eeprom_profile
  0C:2E64    _sdcard_init
  0C:2F5E    _cmd_zero
  0C:2FFB    _cmd_eight
  0C:3080    _cmd_feight
  0C:3106    _cmd_fiftyfive
  0C:319C    _acmd
  0C:3234    _cmd_one
  0C:32CC    _sdcard_write_block
  0C:344C    _sdcard_read_block
  0C:35CC    _cmd_sixteen
  0C:3666    _spi_init
  0C:366D    _spi_write
  0C:3683    _putchar
  0C:3695    _getchar
  0C:369F    _uart_init
  0C:36B5    _PRESSURE_WriteByte
  0C:36EA    _PRESSURE_ReadByte
  0C:3735    _PRESSURE_calibration
  0C:37AB    _TEMP_calibration
  0C:37C4    _ALTITUDE_calibration
  0C:38BB    ___fssub
  0C:38C6    __divuint
  0C:3961    _atoi
  0C:3A94    _strstr
  0C:3B66    _gets
  0C:3C7A    __gptrput
  0C:3C93    _printf_tiny
  0C:3D9B    __mulint
  0C:3DBB    _powf
  0C:3ECD    __modsint
  0C:3F3B    __moduint
  0C:3FE9    ___fsadd
  0C:3FEC    fsadd_direct_entry
  0C:4042    __divsint
  0C:40BA    ___uint2fs
  0C:40C6    ___fs2uint
  0C:40D1    fs_round_and_return
  0C:40E9    fs_zerocheck_return
  0C:40F2    fs_return_zero
  0C:40FA    fs_direct_return
  0C:4108    fs_return_inf
  0C:4115    fs_return_nan
  0C:4120    fs_swap_a_b
  0C:413A    ___fsdiv
  0C:41FD    __gptrget
  0C:4219    ___ulong2fs
  0C:4222    ulong2fs_doit
  0C:422C    ___fsmul
  0C:42CF    fsgetargs
  0C:42FD    _logf
  0C:43BE    __fs_cordic_rshift_r765_unsigned
  0C:43FF    fs_rshift_a
  0C:4442    fs_normalize_a
  0C:446B    ___fseq
  0C:447C    ___fsgt
  0C:44AC    _expf
  0C:4618    fs_lshift_a
  0C:462F    fsgetarg
  0C:4641    ___fs2ulong
  0C:4643    fs2ulong_begin
  0C:4668    fs_compare_uint32
  0C:4686    fs_check_negative_zeros
  0C:46B1    ___fs2uchar
  0C:46B9    ___uchar2fs

Hexadecimal

Area                               Addr   Size   Decimal Bytes (Attributes)
--------------------------------   ----   ----   ------- ----- ------------
CONST                              46C4   0832 =   2098. bytes (REL,CON,CODE)

      Value  Global
   --------  --------------------------------
  0C:4E7E    __fs_natural_log_table

Hexadecimal

Area                               Addr   Size   Decimal Bytes (Attributes)
--------------------------------   ----   ----   ------- ----- ------------
XINIT                              4EF6   0004 =      4. bytes (REL,CON,CODE)
ASxxxx Linker V01.70 + NoICE + SDCC Feb 1999,  page 1.

Files Linked      [ module(s) ]

obj\Release\adc.rel
obj\Release\atoh_f.rel
obj\Release\clock.rel
obj\Release\data_dump.rel
obj\Release\delay.rel
obj\Release\eeprom.rel
obj\Release\gps.rel
obj\Release\i2c.rel
obj\Release\io_exp.rel
obj\Release\lcd.rel
obj\Release\main.rel
obj\Release\profile.rel
obj\Release\sdcard.rel
obj\Release\spi.rel
obj\Release\uart.rel
obj\Release\weather_shield.rel

Libraries Linked            [   object  file   ]

C:\Program Files (x86)\SDCC\bin\..\lib\large/libfloat.lib    [           _fssub ]
C:\Program Files (x86)\SDCC\bin\..\lib\large/libint.lib    [         _divuint ]
C:\Program Files (x86)\SDCC\bin\..\lib\large/mcs51.lib    [     crtclear.rel ]
C:\Program Files (x86)\SDCC\bin\..\lib\large/mcs51.lib    [     crtxinit.rel ]
C:\Program Files (x86)\SDCC\bin\..\lib\large/libsdcc.lib    [            _atoi ]
C:\Program Files (x86)\SDCC\bin\..\lib\large/libsdcc.lib    [          _strstr ]
C:\Program Files (x86)\SDCC\bin\..\lib\large/libsdcc.lib    [             gets ]
C:\Program Files (x86)\SDCC\bin\..\lib\large/libsdcc.lib    [         _gptrput ]
C:\Program Files (x86)\SDCC\bin\..\lib\large/libsdcc.lib    [      printf_tiny ]
C:\Program Files (x86)\SDCC\bin\..\lib\large/libint.lib    [          _mulint ]
C:\Program Files (x86)\SDCC\bin\..\lib\large/libfloat.lib    [             powf ]
C:\Program Files (x86)\SDCC\bin\..\lib\large/libint.lib    [         _modsint ]
C:\Program Files (x86)\SDCC\bin\..\lib\large/libint.lib    [         _moduint ]
C:\Program Files (x86)\SDCC\bin\..\lib\large/libfloat.lib    [           _fsadd ]
C:\Program Files (x86)\SDCC\bin\..\lib\large/mcs51.lib    [    crtxclear.rel ]
C:\Program Files (x86)\SDCC\bin\..\lib\large/libint.lib    [         _divsint ]
C:\Program Files (x86)\SDCC\bin\..\lib\large/libfloat.lib    [         _uint2fs ]
C:\Program Files (x86)\SDCC\bin\..\lib\large/libfloat.lib    [         _fs2uint ]
C:\Program Files (x86)\SDCC\bin\..\lib\large/libfloat.lib    [     _fsreturnval ]
C:\Program Files (x86)\SDCC\bin\..\lib\large/libsdcc.lib    [              _bp ]
C:\Program Files (x86)\SDCC\bin\..\lib\large/mcs51.lib    [   crtpagesfr.rel ]
C:\Program Files (x86)\SDCC\bin\..\lib\large/libfloat.lib    [      _fsswapargs ]
C:\Program Files (x86)\SDCC\bin\..\lib\large/libfloat.lib    [           _fsdiv ]
C:\Program Files (x86)\SDCC\bin\..\lib\large/mcs51.lib    [     crtstart.rel ]
C:\Program Files (x86)\SDCC\bin\..\lib\large/libsdcc.lib    [         _gptrget ]
C:\Program Files (x86)\SDCC\bin\..\lib\large/libfloat.lib    [        _ulong2fs ]
C:\Program Files (x86)\SDCC\bin\..\lib\large/libfloat.lib    [           _fsmul ]
C:\Program Files (x86)\SDCC\bin\..\lib\large/libfloat.lib    [      _fsget2args ]
C:\Program Files (x86)\SDCC\bin\..\lib\large/libfloat.lib    [             logf ]
C:\Program Files (x86)\SDCC\bin\..\lib\large/libfloat.lib    [         _logexpf ]
C:\Program Files (x86)\SDCC\bin\..\lib\large/libfloat.lib    [        _fsrshift ]
C:\Program Files (x86)\SDCC\bin\..\lib\large/libfloat.lib    [     _fsnormalize ]
C:\Program Files (x86)\SDCC\bin\..\lib\large/libfloat.lib    [            _fseq ]
C:\Program Files (x86)\SDCC\bin\..\lib\large/libfloat.lib    [            _fsgt ]
C:\Program Files (x86)\SDCC\bin\..\lib\large/libfloat.lib    [             expf ]
C:\Program Files (x86)\SDCC\bin\..\lib\large/libfloat.lib    [       _fsget1arg ]
C:\Program Files (x86)\SDCC\bin\..\lib\large/libfloat.lib    [        _fs2ulong ]
C:\Program Files (x86)\SDCC\bin\..\lib\large/libfloat.lib    [           _fscmp ]
C:\Program Files (x86)\SDCC\bin\..\lib\large/libfloat.lib    [        _fs2uchar ]
C:\Program Files (x86)\SDCC\bin\..\lib\large/libfloat.lib    [        _uchar2fs ]

ASxxxx Linker V01.70 + NoICE + SDCC Feb 1999,  page 2.

User Base Address Definitions

HOME = 0x0000
ISEG = 0x0080
BSEG = 0x0000

