
Hexadecimal

Area                               Addr   Size   Decimal Bytes (Attributes)
--------------------------------   ----   ----   ------- ----- ------------
.  .ABS.                           0000   0000 =      0. bytes (ABS,CON)

      Value  Global
   --------  --------------------------------
     0000    l_BIT_BANK
     0000    l_GSINIT
     0000    l_GSINIT1
     0000    l_GSINIT5
     0000    l_ISEG
     0000    l_PSEG
     0000    l_REG_BANK_1
     0000    l_REG_BANK_2
     0000    l_REG_BANK_3
     0000    l_RSEG
     0000    l__CODE
     0000    s_BSEG
     0000    s_DSEG
     0000    s_HOME
     0000    s_PSEG
     0000    s_REG_BANK_0
     0000    s_XSEG
     0000    s__CODE
     0001    l_BSEG_BYTES
     0001    l_XINIT
     0001    l_XISEG
     0002    l_BSEG
     0003    l_GSFINAL
     0003    l_GSINIT0
     0006    l_OSEG
     0008    l_REG_BANK_0
     0008    s_REG_BANK_1
     000A    l_GSINIT2
     0010    s_REG_BANK_2
     0016    l_HOME
     0016    s_GSINIT0
     0018    s_REG_BANK_3
     0019    s_GSINIT1
     0019    s_GSINIT2
     0020    s_BSEG_BYTES
     0021    s_BIT_BANK
     0021    s_OSEG
     0022    l_GSINIT3
     0023    s_GSINIT3
     0027    s_RSEG
     0027    s_SSEG
     002A    l_GSINIT4
     0045    s_GSINIT4
     006F    s_GSFINAL
     006F    s_GSINIT
     006F    s_GSINIT5
     0072    s_CSEG
     0080    _P0
     0080    _P0_0
     0080    l_DSEG
     0080    s_ISEG
     0081    _P0_1
     0081    _SP
     0082    _DPL
     0082    _P0_2
     0083    _DPH
     0083    _P0_3
     0084    _P0_4
     0085    _P0_5
     0086    _P0_6
     0087    _P0_7
     0087    _PCON
     0088    _IT0
     0088    _TCON
     0089    _IE0
     0089    _TMOD
     008A    _IT1
     008A    _TL0
     008B    _IE1
     008B    _TL1
     008C    _TH0
     008C    _TR0
     008D    _TF0
     008D    _TH1
     008E    _AUXR
     008E    _TR1
     008F    _CKCKON0
     008F    _CKCKON1
     008F    _TF1
     0090    _P1
     0090    _P1_0
     0091    _P1_1
     0092    _P1_2
     0093    _P1_3
     0094    _P1_4
     0095    _P1_5
     0096    _P1_6
     0097    _CKRL
     0097    _P1_7
     0098    _RI
     0098    _SCON
     0099    _SBUF
     0099    _TI
     009A    _BRL
     009A    _RB8
     009B    _BDRCON
     009B    _TB8
     009C    _KBLS
     009C    _REN
     009D    _KBE
     009D    _SM2
     009E    _KBF
     009E    _SM1
     009F    _SM0
     00A0    _P2
     00A0    _P2_0
     00A0    __XPAGE
     00A1    _P2_1
     00A2    _AUXR1
     00A2    _P2_2
     00A3    _P2_3
     00A4    _P2_4
     00A5    _P2_5
     00A6    _P2_6
     00A6    _WDTRST
     00A7    _P2_7
     00A7    _WDTPRG
     00A8    _EX0
     00A8    _IE
     00A8    _IEN0
     00A9    _ET0
     00A9    _SADDR
     00AA    _EX1
     00AB    _ET1
     00AC    _ES
     00AD    _ET2
     00AE    _EC
     00AF    _EA
     00B0    _P3
     00B0    _P3_0
     00B0    _RXD
     00B1    _IEN1
     00B1    _P3_1
     00B1    _TXD
     00B2    _INT0
     00B2    _IPL1
     00B2    _P3_2
     00B3    _INT1
     00B3    _IPH1
     00B3    _P3_3
     00B4    _P3_4
     00B4    _T0
     00B5    _P3_5
     00B5    _T1
     00B6    _P3_6
     00B6    _WR
     00B7    _IPH0
     00B7    _P3_7
     00B7    _RD
     00B8    _IP
     00B8    _IPL0
     00B8    _PX0
     00B8    _PX0L
     00B9    _PT0
     00B9    _PT0L
     00B9    _SADEN
     00BA    _PX1
     00BA    _PX1L
     00BB    _PT1
     00BB    _PT1L
     00BC    _PLS
     00BC    _PS
     00BD    _PT2
     00BD    _PT2L
     00BE    _PPCL
     00C0    _P4
     00C0    _P4_0
     00C1    _P4_1
     00C2    _P4_2
     00C3    _P4_3
     00C3    _SPCON
     00C4    _P4_4
     00C4    _SPSTA
     00C5    _P4_5
     00C5    _SPDAT
     00C6    _P4_6
     00C7    _P4_7
     00C8    _CP_RL2
     00C8    _T2CON
     00C8    _T2CON_0
     00C9    _C_T2
     00C9    _T2CON_1
     00C9    _T2MOD
     00CA    _RCAP2L
     00CA    _T2CON_2
     00CA    _TR2
     00CB    _EXEN2
     00CB    _RCAP2H
     00CB    _T2CON_3
     00CC    _T2CON_4
     00CC    _TCLK
     00CC    _TL2
     00CD    _RCLK
     00CD    _T2CON_5
     00CD    _TH2
     00CE    _EXF2
     00CE    _T2CON_6
     00CF    _T2CON_7
     00CF    _TF2
     00D0    _P
     00D0    _PSW
     00D1    _F1
     00D2    _EECON
     00D2    _OV
     00D3    _RS0
     00D4    _RS1
     00D5    _F0
     00D6    _AC
     00D7    _CY
     00D8    _CCF0
     00D8    _CCON
     00D8    _P5
     00D8    _P5_0
     00D9    _CCF1
     00D9    _CMOD
     00D9    _P5_1
     00D9    l_SSEG
     00DA    _CCAPM0
     00DA    _CCF2
     00DA    _P5_2
     00DB    _CCAPM1
     00DB    _CCF3
     00DB    _P5_3
     00DC    _CCAPM2
     00DC    _CCF4
     00DC    _P5_4
     00DD    _CCAPM3
     00DD    _P5_5
     00DE    _CCAPM4
     00DE    _CR
     00DE    _P5_6
     00DF    _CF
     00DF    _P5_7
     00E0    _ACC
     00E9    _CL
     00EA    _CCAP0L
     00EB    _CCAP1L
     00EC    _CCAP2L
     00ED    _CCAP3L
     00EE    _CCAP4L
     00F0    _B
     00F5    _B_5
     00F6    _B_6
     00F7    _B_7
     00F9    _CH
     00FA    _CCAP0H
     00FB    _CCAP1H
     00FC    _CCAP2H
     00FD    _CCAP3H
     00FE    _CCAP4H
     0100    l_IRAM
     018B    l_XSEG
     018B    s_XISEG
     0665    l_CONST
     37A4    l_CSEG
     3816    s_CONST
     3E7B    s_XINIT

Hexadecimal

Area                               Addr   Size   Decimal Bytes (Attributes)
--------------------------------   ----   ----   ------- ----- ------------
_CODE                              0000   0000 =      0. bytes (REL,CON)

Hexadecimal

Area                               Addr   Size   Decimal Bytes (Attributes)
--------------------------------   ----   ----   ------- ----- ------------
REG_BANK_0                         0000   0008 =      8. bytes (REL,OVR)

Hexadecimal

Area                               Addr   Size   Decimal Bytes (Attributes)
--------------------------------   ----   ----   ------- ----- ------------
REG_BANK_1                         0008   0000 =      0. bytes (REL,OVR)

Hexadecimal

Area                               Addr   Size   Decimal Bytes (Attributes)
--------------------------------   ----   ----   ------- ----- ------------
REG_BANK_2                         0010   0000 =      0. bytes (REL,OVR)

Hexadecimal

Area                               Addr   Size   Decimal Bytes (Attributes)
--------------------------------   ----   ----   ------- ----- ------------
REG_BANK_3                         0018   0000 =      0. bytes (REL,OVR)

Hexadecimal

Area                               Addr   Size   Decimal Bits  (Attributes)
--------------------------------   ----   ----   ------- ----- ------------
BSEG                               0000   0002 =      2. bits  (REL,CON,BIT)

Hexadecimal

Area                               Addr   Size   Decimal Bytes (Attributes)
--------------------------------   ----   ----   ------- ----- ------------
BSEG_BYTES                         0020   0001 =      1. bytes (REL,CON)

Hexadecimal

Area                               Addr   Size   Decimal Bytes (Attributes)
--------------------------------   ----   ----   ------- ----- ------------
BIT_BANK                           0021   0000 =      0. bytes (REL,OVR)

Hexadecimal

Area                               Addr   Size   Decimal Bytes (Attributes)
--------------------------------   ----   ----   ------- ----- ------------
DSEG                               0000   0080 =    128. bytes (REL,CON)

      Value  Global
   --------  --------------------------------
     0016    _bp

Hexadecimal

Area                               Addr   Size   Decimal Bytes (Attributes)
--------------------------------   ----   ----   ------- ----- ------------
OSEG                               0021   0006 =      6. bytes (REL,OVR)

      Value  Global
   --------  --------------------------------
     0021    _strstr_sloc0_1_0
     0024    _strstr_sloc1_1_0

Hexadecimal

Area                               Addr   Size   Decimal Bytes (Attributes)
--------------------------------   ----   ----   ------- ----- ------------
ISEG                               0080   0000 =      0. bytes (REL,CON)

Hexadecimal

Area                               Addr   Size   Decimal Bytes (Attributes)
--------------------------------   ----   ----   ------- ----- ------------
SSEG                               0027   00D9 =    217. bytes (REL,OVR)

      Value  Global
   --------  --------------------------------
     0027    __start__stack

Hexadecimal

Area                               Addr   Size   Decimal Bytes (Attributes)
--------------------------------   ----   ----   ------- ----- ------------
RSEG                               0027   0000 =      0. bytes (REL,CON)

Hexadecimal

Area                               Addr   Size   Decimal Bytes (Attributes)
--------------------------------   ----   ----   ------- ----- ------------
PSEG                               0000   0000 =      0. bytes (REL,CON,PAG,XDATA)

Hexadecimal

Area                               Addr   Size   Decimal Bytes (Attributes)
--------------------------------   ----   ----   ------- ----- ------------
XSEG                               0000   018B =    395. bytes (REL,CON,XDATA)

      Value  Global
   --------  --------------------------------
  0D:0011    _clock_control_PARM_2
  0D:0012    _clock_control_PARM_3
  0D:003D    _seq_read_PARM_2
  0D:003E    _seq_read_PARM_3
  0D:0040    _seq_read_PARM_4
  0D:0044    _page_write_PARM_2
  0D:0045    _page_write_PARM_3
  0D:0048    _page_write_PARM_4
  0D:004B    _EEPROM_WriteByte_PARM_2
  0D:004C    _EEPROM_WriteByte_PARM_3
  0D:004E    _EEPROM_ReadByte_PARM_2
  0D:005A    _page_write_block_PARM_2
  0D:005B    _page_write_block_PARM_3
  0D:005C    _page_write_block_PARM_4
  0D:0105    _lcdgotoxy_PARM_2
  0D:0107    _lcd_display_PARM_2
  0D:0117    _lcdcreatechar_PARM_2
  0D:0129    _lcd_dis_cus_PARM_2
  0D:012A    _lcd_dis_cus_PARM_3
  0D:012C    _fr
  0D:012E    _display
  0D:0130    _h
  0D:0131    _m
  0D:0132    _s
  0D:0133    _sensor_data
  0D:0138    _log_f
  0D:0139    _sensor
  0D:0156    _PRESSURE_WriteByte_PARM_2
  0D:0159    __divuint_PARM_2
  0D:0162    _strstr_PARM_2
  0D:0173    __gptrput_PARM_2
  0D:0174    __mulint_PARM_2
  0D:0176    _powf_PARM_2
  0D:017E    __modsint_PARM_2
  0D:0182    __moduint_PARM_2
  0D:0187    __divsint_PARM_2

Hexadecimal

Area                               Addr   Size   Decimal Bytes (Attributes)
--------------------------------   ----   ----   ------- ----- ------------
XISEG                              018B   0001 =      1. bytes (REL,CON,XDATA)

      Value  Global
   --------  --------------------------------
  0D:018B    _flag

Hexadecimal

Area                               Addr   Size   Decimal Bytes (Attributes)
--------------------------------   ----   ----   ------- ----- ------------
HOME                               0000   0016 =     22. bytes (REL,CON,CODE)

Hexadecimal

Area                               Addr   Size   Decimal Bytes (Attributes)
--------------------------------   ----   ----   ------- ----- ------------
GSINIT0                            0016   0003 =      3. bytes (REL,CON,CODE)

      Value  Global
   --------  --------------------------------
  0C:0016    __sdcc_gsinit_startup

Hexadecimal

Area                               Addr   Size   Decimal Bytes (Attributes)
--------------------------------   ----   ----   ------- ----- ------------
GSINIT1                            0019   0000 =      0. bytes (REL,CON,CODE)

Hexadecimal

Area                               Addr   Size   Decimal Bytes (Attributes)
--------------------------------   ----   ----   ------- ----- ------------
GSINIT2                            0019   000A =     10. bytes (REL,CON,CODE)

Hexadecimal

Area                               Addr   Size   Decimal Bytes (Attributes)
--------------------------------   ----   ----   ------- ----- ------------
GSINIT3                            0023   0022 =     34. bytes (REL,CON,CODE)

      Value  Global
   --------  --------------------------------
  0C:0023    __mcs51_genXINIT

Hexadecimal

Area                               Addr   Size   Decimal Bytes (Attributes)
--------------------------------   ----   ----   ------- ----- ------------
GSINIT4                            0045   002A =     42. bytes (REL,CON,CODE)

      Value  Global
   --------  --------------------------------
  0C:0045    __mcs51_genRAMCLEAR
  0C:004B    __mcs51_genXRAMCLEAR

Hexadecimal

Area                               Addr   Size   Decimal Bytes (Attributes)
--------------------------------   ----   ----   ------- ----- ------------
GSINIT5                            006F   0000 =      0. bytes (REL,CON,CODE)

Hexadecimal

Area                               Addr   Size   Decimal Bytes (Attributes)
--------------------------------   ----   ----   ------- ----- ------------
GSINIT                             006F   0000 =      0. bytes (REL,CON,CODE)

Hexadecimal

Area                               Addr   Size   Decimal Bytes (Attributes)
--------------------------------   ----   ----   ------- ----- ------------
GSFINAL                            006F   0003 =      3. bytes (REL,CON,CODE)

Hexadecimal

Area                               Addr   Size   Decimal Bytes (Attributes)
--------------------------------   ----   ----   ------- ----- ------------
CSEG                               0072   37A4 =  14244. bytes (REL,CON,CODE)

      Value  Global
   --------  --------------------------------
  0C:0072    _ADC_write
  0C:008C    _ADC_read
  0C:00A3    _TEMP_calibration
  0C:0109    _HUMIDITY_calibration
  0C:0171    _LIGHT_calibration
  0C:019F    _atoh
  0C:0433    _atoh_data
  0C:0655    _ctoa
  0C:06EB    _atob
  0C:072D    _timer_init
  0C:0740    _clock_reset
  0C:074F    _clock_control
  0C:0905    _DDRAM_dump
  0C:0A5B    _CGRAM_dump
  0C:0B09    _hex_dump
  0C:0D8E    _delay_us
  0C:0DC1    _delay_ms
  0C:0E02    _delay_sec
  0C:0E2A    _seq_read
  0C:0F1A    _page_write
  0C:0FE5    _EEPROM_WriteByte
  0C:103F    _EEPROM_ReadByte
  0C:10AA    _eereset
  0C:10CC    _eeprom_block_fill
  0C:1434    _page_write_block
  0C:14D4    _EEPROM_ACK_Poll
  0C:1500    _gps_read
  0C:1566    _gps_time
  0C:15B3    _gps_status
  0C:1612    _gps_latitude
  0C:16AB    _gps_longitude
  0C:1744    _gps_date
  0C:17BF    _I2C_Clock
  0C:17D0    _I2C_Start
  0C:17ED    _I2C_Stop
  0C:1808    _I2C_Write
  0C:1835    _I2C_Read
  0C:187F    _I2C_Ack
  0C:1893    _I2C_Ack_seq
  0C:189B    _I2C_NoAck
  0C:18A3    _IOEX_WriteByte
  0C:18CB    _IOEX_ReadByte
  0C:18F7    _io_cnt
  0C:1981    _io_exp_dir
  0C:1B06    _lcd_init
  0C:1B65    _lcdputch
  0C:1B90    _lcdputcmd
  0C:1BAF    _lcdread
  0C:1BC6    _lcdgotoaddr
  0C:1BE5    _lcdbusywait
  0C:1C10    _lcdputstr
  0C:1D03    _lcdgotoxy
  0C:1D92    _lcd_display
  0C:1E7C    _lcdcreatechar
  0C:1EE8    _logo_creator
  0C:2042    _lcd_dis_cus
  0C:2071    __sdcc_program_startup
  0C:2076    __sdcc_external_startup
  0C:207D    _main
  0C:25BC    _s_one
  0C:264B    _s_two
  0C:26DB    _timer_isr
  0C:27E8    _eeprom_profile
  0C:28E5    _putchar
  0C:28F7    _getchar
  0C:2901    _uart_init
  0C:2917    _PRESSURE_WriteByte
  0C:294C    _PRESSURE_ReadByte
  0C:2997    _PRESSURE_calibration
  0C:2A0D    ___fssub
  0C:2A18    __divuint
  0C:2AB3    _atoi
  0C:2BE6    _strstr
  0C:2CB8    _gets
  0C:2DCC    __gptrput
  0C:2DE5    _printf_tiny
  0C:2EED    __mulint
  0C:2F0D    _powf
  0C:301F    __modsint
  0C:308D    __moduint
  0C:313B    ___fsadd
  0C:313E    fsadd_direct_entry
  0C:3194    __divsint
  0C:320C    ___uint2fs
  0C:3218    ___fs2uint
  0C:3223    fs_round_and_return
  0C:323B    fs_zerocheck_return
  0C:3244    fs_return_zero
  0C:324C    fs_direct_return
  0C:325A    fs_return_inf
  0C:3267    fs_return_nan
  0C:3272    fs_swap_a_b
  0C:328C    ___fsdiv
  0C:334F    __gptrget
  0C:336B    ___ulong2fs
  0C:3374    ulong2fs_doit
  0C:337E    ___fsmul
  0C:3421    fsgetargs
  0C:344F    _logf
  0C:3510    __fs_cordic_rshift_r765_unsigned
  0C:3551    fs_rshift_a
  0C:3594    fs_normalize_a
  0C:35BD    ___fseq
  0C:35CE    ___fsgt
  0C:35FE    _expf
  0C:376A    fs_lshift_a
  0C:3781    fsgetarg
  0C:3793    ___fs2ulong
  0C:3795    fs2ulong_begin
  0C:37BA    fs_compare_uint32
  0C:37D8    fs_check_negative_zeros
  0C:3803    ___fs2uchar
  0C:380B    ___uchar2fs

Hexadecimal

Area                               Addr   Size   Decimal Bytes (Attributes)
--------------------------------   ----   ----   ------- ----- ------------
CONST                              3816   0665 =   1637. bytes (REL,CON,CODE)

      Value  Global
   --------  --------------------------------
  0C:3E03    __fs_natural_log_table

Hexadecimal

Area                               Addr   Size   Decimal Bytes (Attributes)
--------------------------------   ----   ----   ------- ----- ------------
XINIT                              3E7B   0001 =      1. bytes (REL,CON,CODE)
ASxxxx Linker V01.70 + NoICE + SDCC Feb 1999,  page 1.

Files Linked      [ module(s) ]

obj\Release\adc.rel
obj\Release\atoh_f.rel
obj\Release\clock.rel
obj\Release\data_dump.rel
obj\Release\delay.rel
obj\Release\eeprom.rel
obj\Release\gps.rel
obj\Release\i2c.rel
obj\Release\io_exp.rel
obj\Release\lcd.rel
obj\Release\main.rel
obj\Release\profile.rel
obj\Release\uart.rel
obj\Release\weather_shield.rel

Libraries Linked            [   object  file   ]

C:\Program Files (x86)\SDCC\bin\..\lib\large/libfloat.lib    [           _fssub ]
C:\Program Files (x86)\SDCC\bin\..\lib\large/libint.lib    [         _divuint ]
C:\Program Files (x86)\SDCC\bin\..\lib\large/mcs51.lib    [     crtclear.rel ]
C:\Program Files (x86)\SDCC\bin\..\lib\large/mcs51.lib    [     crtxinit.rel ]
C:\Program Files (x86)\SDCC\bin\..\lib\large/libsdcc.lib    [            _atoi ]
C:\Program Files (x86)\SDCC\bin\..\lib\large/libsdcc.lib    [          _strstr ]
C:\Program Files (x86)\SDCC\bin\..\lib\large/libsdcc.lib    [             gets ]
C:\Program Files (x86)\SDCC\bin\..\lib\large/libsdcc.lib    [         _gptrput ]
C:\Program Files (x86)\SDCC\bin\..\lib\large/libsdcc.lib    [      printf_tiny ]
C:\Program Files (x86)\SDCC\bin\..\lib\large/libint.lib    [          _mulint ]
C:\Program Files (x86)\SDCC\bin\..\lib\large/libfloat.lib    [             powf ]
C:\Program Files (x86)\SDCC\bin\..\lib\large/libint.lib    [         _modsint ]
C:\Program Files (x86)\SDCC\bin\..\lib\large/libint.lib    [         _moduint ]
C:\Program Files (x86)\SDCC\bin\..\lib\large/libfloat.lib    [           _fsadd ]
C:\Program Files (x86)\SDCC\bin\..\lib\large/mcs51.lib    [    crtxclear.rel ]
C:\Program Files (x86)\SDCC\bin\..\lib\large/libint.lib    [         _divsint ]
C:\Program Files (x86)\SDCC\bin\..\lib\large/libfloat.lib    [         _uint2fs ]
C:\Program Files (x86)\SDCC\bin\..\lib\large/libfloat.lib    [         _fs2uint ]
C:\Program Files (x86)\SDCC\bin\..\lib\large/libfloat.lib    [     _fsreturnval ]
C:\Program Files (x86)\SDCC\bin\..\lib\large/libsdcc.lib    [              _bp ]
C:\Program Files (x86)\SDCC\bin\..\lib\large/mcs51.lib    [   crtpagesfr.rel ]
C:\Program Files (x86)\SDCC\bin\..\lib\large/libfloat.lib    [      _fsswapargs ]
C:\Program Files (x86)\SDCC\bin\..\lib\large/libfloat.lib    [           _fsdiv ]
C:\Program Files (x86)\SDCC\bin\..\lib\large/mcs51.lib    [     crtstart.rel ]
C:\Program Files (x86)\SDCC\bin\..\lib\large/libsdcc.lib    [         _gptrget ]
C:\Program Files (x86)\SDCC\bin\..\lib\large/libfloat.lib    [        _ulong2fs ]
C:\Program Files (x86)\SDCC\bin\..\lib\large/libfloat.lib    [           _fsmul ]
C:\Program Files (x86)\SDCC\bin\..\lib\large/libfloat.lib    [      _fsget2args ]
C:\Program Files (x86)\SDCC\bin\..\lib\large/libfloat.lib    [             logf ]
C:\Program Files (x86)\SDCC\bin\..\lib\large/libfloat.lib    [         _logexpf ]
C:\Program Files (x86)\SDCC\bin\..\lib\large/libfloat.lib    [        _fsrshift ]
C:\Program Files (x86)\SDCC\bin\..\lib\large/libfloat.lib    [     _fsnormalize ]
C:\Program Files (x86)\SDCC\bin\..\lib\large/libfloat.lib    [            _fseq ]
C:\Program Files (x86)\SDCC\bin\..\lib\large/libfloat.lib    [            _fsgt ]
C:\Program Files (x86)\SDCC\bin\..\lib\large/libfloat.lib    [             expf ]
C:\Program Files (x86)\SDCC\bin\..\lib\large/libfloat.lib    [       _fsget1arg ]
C:\Program Files (x86)\SDCC\bin\..\lib\large/libfloat.lib    [        _fs2ulong ]
C:\Program Files (x86)\SDCC\bin\..\lib\large/libfloat.lib    [           _fscmp ]
C:\Program Files (x86)\SDCC\bin\..\lib\large/libfloat.lib    [        _fs2uchar ]
C:\Program Files (x86)\SDCC\bin\..\lib\large/libfloat.lib    [        _uchar2fs ]

ASxxxx Linker V01.70 + NoICE + SDCC Feb 1999,  page 2.

User Base Address Definitions

HOME = 0x0000
ISEG = 0x0080
BSEG = 0x0000

