
Hexadecimal

Area                               Addr   Size   Decimal Bytes (Attributes)
--------------------------------   ----   ----   ------- ----- ------------
.  .ABS.                           0000   0000 =      0. bytes (ABS,CON)

      Value  Global
   --------  --------------------------------
     0000    l_BIT_BANK
     0000    l_GSINIT
     0000    l_GSINIT1
     0000    l_GSINIT5
     0000    l_ISEG
     0000    l_OSEG
     0000    l_PSEG
     0000    l_REG_BANK_1
     0000    l_REG_BANK_2
     0000    l_REG_BANK_3
     0000    l_RSEG
     0000    l__CODE
     0000    s_BSEG
     0000    s_DSEG
     0000    s_HOME
     0000    s_PSEG
     0000    s_REG_BANK_0
     0000    s_XSEG
     0000    s__CODE
     0002    l_BSEG_BYTES
     0003    l_GSFINAL
     0003    l_GSINIT0
     0003    l_XINIT
     0003    l_XISEG
     0008    l_REG_BANK_0
     0008    s_REG_BANK_1
     000A    l_GSINIT2
     000C    l_BSEG
     000E    l_HOME
     000E    s_GSINIT0
     0010    s_REG_BANK_2
     0011    s_GSINIT1
     0011    s_GSINIT2
     0018    s_REG_BANK_3
     001B    s_GSINIT3
     0020    s_BSEG_BYTES
     0022    l_GSINIT3
     0022    s_BIT_BANK
     002A    l_GSINIT4
     002B    s_OSEG
     0030    s_RSEG
     0030    s_SSEG
     003D    s_GSINIT4
     0067    s_GSFINAL
     0067    s_GSINIT
     0067    s_GSINIT5
     006A    s_CSEG
     007F    l_DSEG
     0080    _P0
     0080    _P0_0
     0080    s_ISEG
     0081    _P0_1
     0081    _SP
     0082    _DPL
     0082    _P0_2
     0083    _DPH
     0083    _P0_3
     0084    _P0_4
     0085    _P0_5
     0086    _P0_6
     0087    _P0_7
     0087    _PCON
     0088    _IT0
     0088    _TCON
     0089    _IE0
     0089    _TMOD
     008A    _IT1
     008A    _TL0
     008B    _IE1
     008B    _TL1
     008C    _TH0
     008C    _TR0
     008D    _TF0
     008D    _TH1
     008E    _AUXR
     008E    _TR1
     008F    _CKCKON0
     008F    _CKCKON1
     008F    _TF1
     0090    _P1
     0090    _P1_0
     0091    _P1_1
     0092    _P1_2
     0093    _P1_3
     0094    _P1_4
     0095    _P1_5
     0096    _P1_6
     0097    _CKRL
     0097    _P1_7
     0098    _RI
     0098    _SCON
     0099    _SBUF
     0099    _TI
     009A    _BRL
     009A    _RB8
     009B    _BDRCON
     009B    _TB8
     009C    _KBLS
     009C    _REN
     009D    _KBE
     009D    _SM2
     009E    _KBF
     009E    _SM1
     009F    _SM0
     00A0    _P2
     00A0    _P2_0
     00A0    __XPAGE
     00A1    _P2_1
     00A2    _AUXR1
     00A2    _P2_2
     00A3    _P2_3
     00A4    _P2_4
     00A5    _P2_5
     00A6    _P2_6
     00A6    _WDTRST
     00A7    _P2_7
     00A7    _WDTPRG
     00A8    _EX0
     00A8    _IE
     00A8    _IEN0
     00A9    _ET0
     00A9    _SADDR
     00AA    _EX1
     00AB    _ET1
     00AC    _ES
     00AD    _ET2
     00AE    _EC
     00AF    _EA
     00B0    _P3
     00B0    _P3_0
     00B0    _RXD
     00B1    _IEN1
     00B1    _P3_1
     00B1    _TXD
     00B2    _INT0
     00B2    _IPL1
     00B2    _P3_2
     00B3    _INT1
     00B3    _IPH1
     00B3    _P3_3
     00B4    _P3_4
     00B4    _T0
     00B5    _P3_5
     00B5    _T1
     00B6    _P3_6
     00B6    _WR
     00B7    _IPH0
     00B7    _P3_7
     00B7    _RD
     00B8    _IP
     00B8    _IPL0
     00B8    _PX0
     00B8    _PX0L
     00B9    _PT0
     00B9    _PT0L
     00B9    _SADEN
     00BA    _PX1
     00BA    _PX1L
     00BB    _PT1
     00BB    _PT1L
     00BC    _PLS
     00BC    _PS
     00BD    _PT2
     00BD    _PT2L
     00BE    _PPCL
     00C0    _P4
     00C0    _P4_0
     00C1    _P4_1
     00C2    _P4_2
     00C3    _P4_3
     00C3    _SPCON
     00C4    _P4_4
     00C4    _SPSTA
     00C5    _P4_5
     00C5    _SPDAT
     00C6    _P4_6
     00C7    _P4_7
     00C8    _CP_RL2
     00C8    _T2CON
     00C8    _T2CON_0
     00C9    _C_T2
     00C9    _T2CON_1
     00C9    _T2MOD
     00CA    _RCAP2L
     00CA    _T2CON_2
     00CA    _TR2
     00CB    _EXEN2
     00CB    _RCAP2H
     00CB    _T2CON_3
     00CC    _T2CON_4
     00CC    _TCLK
     00CC    _TL2
     00CD    _RCLK
     00CD    _T2CON_5
     00CD    _TH2
     00CE    _EXF2
     00CE    _T2CON_6
     00CF    _T2CON_7
     00CF    _TF2
     00D0    _P
     00D0    _PSW
     00D0    l_SSEG
     00D1    _F1
     00D2    _EECON
     00D2    _OV
     00D3    _RS0
     00D4    _RS1
     00D5    _F0
     00D6    _AC
     00D7    _CY
     00D8    _CCF0
     00D8    _CCON
     00D8    _P5
     00D8    _P5_0
     00D9    _CCF1
     00D9    _CMOD
     00D9    _P5_1
     00DA    _CCAPM0
     00DA    _CCF2
     00DA    _P5_2
     00DB    _CCAPM1
     00DB    _CCF3
     00DB    _P5_3
     00DC    _CCAPM2
     00DC    _CCF4
     00DC    _P5_4
     00DD    _CCAPM3
     00DD    _P5_5
     00DE    _CCAPM4
     00DE    _CR
     00DE    _P5_6
     00DF    _CF
     00DF    _P5_7
     00E0    _ACC
     00E9    _CL
     00EA    _CCAP0L
     00EB    _CCAP1L
     00EC    _CCAP2L
     00ED    _CCAP3L
     00EE    _CCAP4L
     00F0    _B
     00F5    _B_5
     00F6    _B_6
     00F7    _B_7
     00F9    _CH
     00FA    _CCAP0H
     00FB    _CCAP1H
     00FC    _CCAP2H
     00FD    _CCAP3H
     00FE    _CCAP4H
     0100    l_IRAM
     015C    l_XSEG
     015C    s_XISEG
     1088    l_CONST
     4883    l_CSEG
     48ED    s_CONST
     5975    s_XINIT

Hexadecimal

Area                               Addr   Size   Decimal Bytes (Attributes)
--------------------------------   ----   ----   ------- ----- ------------
_CODE                              0000   0000 =      0. bytes (REL,CON)

Hexadecimal

Area                               Addr   Size   Decimal Bytes (Attributes)
--------------------------------   ----   ----   ------- ----- ------------
REG_BANK_0                         0000   0008 =      8. bytes (REL,OVR)

Hexadecimal

Area                               Addr   Size   Decimal Bytes (Attributes)
--------------------------------   ----   ----   ------- ----- ------------
REG_BANK_1                         0008   0000 =      0. bytes (REL,OVR)

Hexadecimal

Area                               Addr   Size   Decimal Bytes (Attributes)
--------------------------------   ----   ----   ------- ----- ------------
REG_BANK_2                         0010   0000 =      0. bytes (REL,OVR)

Hexadecimal

Area                               Addr   Size   Decimal Bytes (Attributes)
--------------------------------   ----   ----   ------- ----- ------------
REG_BANK_3                         0018   0000 =      0. bytes (REL,OVR)

Hexadecimal

Area                               Addr   Size   Decimal Bits  (Attributes)
--------------------------------   ----   ----   ------- ----- ------------
BSEG                               0000   000C =     12. bits  (REL,CON,BIT)

Hexadecimal

Area                               Addr   Size   Decimal Bytes (Attributes)
--------------------------------   ----   ----   ------- ----- ------------
BSEG_BYTES                         0020   0002 =      2. bytes (REL,CON)

Hexadecimal

Area                               Addr   Size   Decimal Bytes (Attributes)
--------------------------------   ----   ----   ------- ----- ------------
BIT_BANK                           0022   0000 =      0. bytes (REL,OVR)

Hexadecimal

Area                               Addr   Size   Decimal Bytes (Attributes)
--------------------------------   ----   ----   ------- ----- ------------
DSEG                               0000   007F =    127. bytes (REL,CON)

      Value  Global
   --------  --------------------------------
     001E    _bp

Hexadecimal

Area                               Addr   Size   Decimal Bytes (Attributes)
--------------------------------   ----   ----   ------- ----- ------------
OSEG                               002B   0000 =      0. bytes (REL,OVR)

Hexadecimal

Area                               Addr   Size   Decimal Bytes (Attributes)
--------------------------------   ----   ----   ------- ----- ------------
ISEG                               0080   0000 =      0. bytes (REL,CON)

Hexadecimal

Area                               Addr   Size   Decimal Bytes (Attributes)
--------------------------------   ----   ----   ------- ----- ------------
SSEG                               0030   00D0 =    208. bytes (REL,OVR)

      Value  Global
   --------  --------------------------------
     0030    __start__stack

Hexadecimal

Area                               Addr   Size   Decimal Bytes (Attributes)
--------------------------------   ----   ----   ------- ----- ------------
RSEG                               0030   0000 =      0. bytes (REL,CON)

Hexadecimal

Area                               Addr   Size   Decimal Bytes (Attributes)
--------------------------------   ----   ----   ------- ----- ------------
PSEG                               0000   0000 =      0. bytes (REL,CON,PAG,XDATA)

Hexadecimal

Area                               Addr   Size   Decimal Bytes (Attributes)
--------------------------------   ----   ----   ------- ----- ------------
XSEG                               0000   015C =    348. bytes (REL,CON,XDATA)

      Value  Global
   --------  --------------------------------
  0D:0018    _countdown_alarm_PARM_2
  0D:001A    _countdown_alarm_PARM_3
  0D:001C    _countdown_alarm_PARM_4
  0D:001D    _countdown_alarm_PARM_5
  0D:0050    _seq_read_PARM_2
  0D:0051    _seq_read_PARM_3
  0D:0053    _seq_read_PARM_4
  0D:0057    _page_write_PARM_2
  0D:0058    _page_write_PARM_3
  0D:005B    _page_write_PARM_4
  0D:005E    _EEPROM_WriteByte_PARM_2
  0D:005F    _EEPROM_WriteByte_PARM_3
  0D:0061    _EEPROM_ReadByte_PARM_2
  0D:006D    _page_write_block_PARM_2
  0D:006E    _page_write_block_PARM_3
  0D:006F    _page_write_block_PARM_4
  0D:0089    _lcdgotoxy_PARM_2
  0D:008B    _lcd_display_PARM_2
  0D:009B    _lcdcreatechar_PARM_2
  0D:00AD    _lcd_dis_cus_PARM_2
  0D:00AE    _lcd_dis_cus_PARM_3
  0D:00B3    _cnt
  0D:00B6    _nms
  0D:00BC    _nsec
  0D:00C2    _nmi
  0D:00C8    _io_counter
  0D:00ED    _ms
  0D:00EE    _sec
  0D:00EF    _mi
  0D:0105    __divuint_PARM_2
  0D:0116    __gptrput_PARM_2
  0D:0117    __mulint_PARM_2
  0D:0119    _powf_PARM_2
  0D:0121    __modsint_PARM_2
  0D:0125    __moduint_PARM_2
  0D:012A    __divsint_PARM_2
  0D:012E    _vprintf_PARM_2
  0D:0142    __print_format_PARM_2
  0D:0145    __print_format_PARM_3
  0D:0148    __print_format_PARM_4

Hexadecimal

Area                               Addr   Size   Decimal Bytes (Attributes)
--------------------------------   ----   ----   ------- ----- ------------
XISEG                              015C   0003 =      3. bytes (REL,CON,XDATA)

      Value  Global
   --------  --------------------------------
  0D:015C    _flag
  0D:015D    _timers

Hexadecimal

Area                               Addr   Size   Decimal Bytes (Attributes)
--------------------------------   ----   ----   ------- ----- ------------
HOME                               0000   000E =     14. bytes (REL,CON,CODE)

Hexadecimal

Area                               Addr   Size   Decimal Bytes (Attributes)
--------------------------------   ----   ----   ------- ----- ------------
GSINIT0                            000E   0003 =      3. bytes (REL,CON,CODE)

      Value  Global
   --------  --------------------------------
  0C:000E    __sdcc_gsinit_startup

Hexadecimal

Area                               Addr   Size   Decimal Bytes (Attributes)
--------------------------------   ----   ----   ------- ----- ------------
GSINIT1                            0011   0000 =      0. bytes (REL,CON,CODE)

Hexadecimal

Area                               Addr   Size   Decimal Bytes (Attributes)
--------------------------------   ----   ----   ------- ----- ------------
GSINIT2                            0011   000A =     10. bytes (REL,CON,CODE)

Hexadecimal

Area                               Addr   Size   Decimal Bytes (Attributes)
--------------------------------   ----   ----   ------- ----- ------------
GSINIT3                            001B   0022 =     34. bytes (REL,CON,CODE)

      Value  Global
   --------  --------------------------------
  0C:001B    __mcs51_genXINIT

Hexadecimal

Area                               Addr   Size   Decimal Bytes (Attributes)
--------------------------------   ----   ----   ------- ----- ------------
GSINIT4                            003D   002A =     42. bytes (REL,CON,CODE)

      Value  Global
   --------  --------------------------------
  0C:003D    __mcs51_genRAMCLEAR
  0C:0043    __mcs51_genXRAMCLEAR

Hexadecimal

Area                               Addr   Size   Decimal Bytes (Attributes)
--------------------------------   ----   ----   ------- ----- ------------
GSINIT5                            0067   0000 =      0. bytes (REL,CON,CODE)

Hexadecimal

Area                               Addr   Size   Decimal Bytes (Attributes)
--------------------------------   ----   ----   ------- ----- ------------
GSINIT                             0067   0000 =      0. bytes (REL,CON,CODE)

Hexadecimal

Area                               Addr   Size   Decimal Bytes (Attributes)
--------------------------------   ----   ----   ------- ----- ------------
GSFINAL                            0067   0003 =      3. bytes (REL,CON,CODE)

Hexadecimal

Area                               Addr   Size   Decimal Bytes (Attributes)
--------------------------------   ----   ----   ------- ----- ------------
CSEG                               006A   4883 =  18563. bytes (REL,CON,CODE)

      Value  Global
   --------  --------------------------------
  0C:006A    _atoh
  0C:02FE    _atoh_data
  0C:0520    _ctoa
  0C:05B6    _atob
  0C:05F8    _timer_init
  0C:060B    _clock_reset
  0C:0619    _clock_control
  0C:07D5    _countdown_alarm
  0C:09BF    _DDRAM_dump
  0C:0B15    _CGRAM_dump
  0C:0BC3    _hex_dump
  0C:0E48    _delay_us
  0C:0E7B    _delay_ms
  0C:0EBC    _delay_sec
  0C:0EE4    _seq_read
  0C:0FD4    _page_write
  0C:109F    _EEPROM_WriteByte
  0C:10F9    _EEPROM_ReadByte
  0C:1164    _eereset
  0C:1186    _eeprom_block_fill
  0C:14EE    _page_write_block
  0C:158E    _EEPROM_ACK_Poll
  0C:15BA    _I2C_Clock
  0C:15CB    _I2C_Start
  0C:15E8    _I2C_Stop
  0C:1603    _I2C_Write
  0C:1630    _I2C_Read
  0C:167A    _I2C_Ack
  0C:168E    _I2C_Ack_seq
  0C:1696    _I2C_NoAck
  0C:169E    _IOEX_WriteByte
  0C:16C6    _IOEX_ReadByte
  0C:16F2    _io_cnt
  0C:177C    _io_exp_dir
  0C:1901    _lcd_init
  0C:1960    _lcdputch
  0C:197F    _lcdputcmd
  0C:199E    _lcdread
  0C:19B5    _lcdgotoaddr
  0C:19D4    _lcdbusywait
  0C:19FF    _lcdputstr
  0C:1AE4    _lcdgotoxy
  0C:1B5F    _lcd_display
  0C:1C49    _lcdcreatechar
  0C:1CB5    _logo_creator
  0C:1E0F    _lcd_dis_cus
  0C:1E3E    __sdcc_program_startup
  0C:1E43    __sdcc_external_startup
  0C:1E4D    _main
  0C:2E25    _ext_zero
  0C:2E9F    _timer_isr
  0C:3124    _eeprom_profile
  0C:3279    _putchar
  0C:328B    _getchar
  0C:3295    _uart_init
  0C:32AE    ___fssub
  0C:32B9    __divuint
  0C:3354    _atoi
  0C:3487    _gets
  0C:359B    __gptrput
  0C:35B4    _printf_tiny
  0C:36BC    __mulint
  0C:36DC    _powf
  0C:37EE    __modsint
  0C:385C    __moduint
  0C:390A    ___fsadd
  0C:390D    fsadd_direct_entry
  0C:3963    __divsint
  0C:39DB    ___uint2fs
  0C:39E7    ___fs2uint
  0C:39F2    fs_round_and_return
  0C:3A0A    fs_zerocheck_return
  0C:3A13    fs_return_zero
  0C:3A1B    fs_direct_return
  0C:3A29    fs_return_inf
  0C:3A36    fs_return_nan
  0C:3A4E    _vprintf
  0C:3A8D    _printf
  0C:3BA6    __print_format
  0C:42D9    fs_swap_a_b
  0C:42F3    _strlen
  0C:4346    __gptrget
  0C:4362    ___ulong2fs
  0C:436B    ulong2fs_doit
  0C:4375    ___fsmul
  0C:4418    fsgetargs
  0C:4446    _logf
  0C:4507    __fs_cordic_rshift_r765_unsigned
  0C:4548    fs_rshift_a
  0C:458B    fs_normalize_a
  0C:45B4    ___fseq
  0C:45C5    ___fsgt
  0C:45F5    _expf
  0C:4761    fs_lshift_a
  0C:4778    fsgetarg
  0C:478A    ___fs2ulong
  0C:478C    fs2ulong_begin
  0C:47B1    fs_compare_uint32
  0C:47CF    fs_check_negative_zeros
  0C:47FA    _islower
  0C:4817    ___fsdiv
  0C:48DA    ___fs2uchar
  0C:48E2    ___uchar2fs

Hexadecimal

Area                               Addr   Size   Decimal Bytes (Attributes)
--------------------------------   ----   ----   ------- ----- ------------
CONST                              48ED   1088 =   4232. bytes (REL,CON,CODE)

      Value  Global
   --------  --------------------------------
  0C:58FD    __fs_natural_log_table

Hexadecimal

Area                               Addr   Size   Decimal Bytes (Attributes)
--------------------------------   ----   ----   ------- ----- ------------
XINIT                              5975   0003 =      3. bytes (REL,CON,CODE)
ASxxxx Linker V01.70 + NoICE + SDCC Feb 1999,  page 1.

Files Linked      [ module(s) ]

obj\Release\atoh_f.rel
obj\Release\clock.rel
obj\Release\data_dump.rel
obj\Release\delay.rel
obj\Release\eeprom.rel
obj\Release\i2c.rel
obj\Release\io_exp.rel
obj\Release\lcd.rel
obj\Release\main.rel
obj\Release\profile.rel
obj\Release\uart.rel

Libraries Linked            [   object  file   ]

C:\Program Files (x86)\SDCC\bin\..\lib\large/libfloat.lib    [           _fssub ]
C:\Program Files (x86)\SDCC\bin\..\lib\large/libint.lib    [         _divuint ]
C:\Program Files (x86)\SDCC\bin\..\lib\large/mcs51.lib    [     crtclear.rel ]
C:\Program Files (x86)\SDCC\bin\..\lib\large/mcs51.lib    [     crtxinit.rel ]
C:\Program Files (x86)\SDCC\bin\..\lib\large/libsdcc.lib    [            _atoi ]
C:\Program Files (x86)\SDCC\bin\..\lib\large/libsdcc.lib    [             gets ]
C:\Program Files (x86)\SDCC\bin\..\lib\large/libsdcc.lib    [         _gptrput ]
C:\Program Files (x86)\SDCC\bin\..\lib\large/libsdcc.lib    [      printf_tiny ]
C:\Program Files (x86)\SDCC\bin\..\lib\large/libint.lib    [          _mulint ]
C:\Program Files (x86)\SDCC\bin\..\lib\large/libfloat.lib    [             powf ]
C:\Program Files (x86)\SDCC\bin\..\lib\large/libint.lib    [         _modsint ]
C:\Program Files (x86)\SDCC\bin\..\lib\large/libint.lib    [         _moduint ]
C:\Program Files (x86)\SDCC\bin\..\lib\large/libfloat.lib    [           _fsadd ]
C:\Program Files (x86)\SDCC\bin\..\lib\large/mcs51.lib    [    crtxclear.rel ]
C:\Program Files (x86)\SDCC\bin\..\lib\large/libint.lib    [         _divsint ]
C:\Program Files (x86)\SDCC\bin\..\lib\large/libfloat.lib    [         _uint2fs ]
C:\Program Files (x86)\SDCC\bin\..\lib\large/libfloat.lib    [         _fs2uint ]
C:\Program Files (x86)\SDCC\bin\..\lib\large/libfloat.lib    [     _fsreturnval ]
C:\Program Files (x86)\SDCC\bin\..\lib\large/libsdcc.lib    [              _bp ]
C:\Program Files (x86)\SDCC\bin\..\lib\large/libsdcc.lib    [          vprintf ]
C:\Program Files (x86)\SDCC\bin\..\lib\large/libsdcc.lib    [     printf_large ]
C:\Program Files (x86)\SDCC\bin\..\lib\large/mcs51.lib    [   crtpagesfr.rel ]
C:\Program Files (x86)\SDCC\bin\..\lib\large/libfloat.lib    [      _fsswapargs ]
C:\Program Files (x86)\SDCC\bin\..\lib\large/libsdcc.lib    [          _strlen ]
C:\Program Files (x86)\SDCC\bin\..\lib\large/mcs51.lib    [     crtstart.rel ]
C:\Program Files (x86)\SDCC\bin\..\lib\large/libsdcc.lib    [         _gptrget ]
C:\Program Files (x86)\SDCC\bin\..\lib\large/libfloat.lib    [        _ulong2fs ]
C:\Program Files (x86)\SDCC\bin\..\lib\large/libfloat.lib    [           _fsmul ]
C:\Program Files (x86)\SDCC\bin\..\lib\large/libfloat.lib    [      _fsget2args ]
C:\Program Files (x86)\SDCC\bin\..\lib\large/libfloat.lib    [             logf ]
C:\Program Files (x86)\SDCC\bin\..\lib\large/libfloat.lib    [         _logexpf ]
C:\Program Files (x86)\SDCC\bin\..\lib\large/libfloat.lib    [        _fsrshift ]
C:\Program Files (x86)\SDCC\bin\..\lib\large/libfloat.lib    [     _fsnormalize ]
C:\Program Files (x86)\SDCC\bin\..\lib\large/libfloat.lib    [            _fseq ]
C:\Program Files (x86)\SDCC\bin\..\lib\large/libfloat.lib    [            _fsgt ]
C:\Program Files (x86)\SDCC\bin\..\lib\large/libfloat.lib    [             expf ]
C:\Program Files (x86)\SDCC\bin\..\lib\large/libfloat.lib    [       _fsget1arg ]
C:\Program Files (x86)\SDCC\bin\..\lib\large/libfloat.lib    [        _fs2ulong ]
C:\Program Files (x86)\SDCC\bin\..\lib\large/libfloat.lib    [           _fscmp ]
C:\Program Files (x86)\SDCC\bin\..\lib\large/libsdcc.lib    [         _islower ]
C:\Program Files (x86)\SDCC\bin\..\lib\large/libfloat.lib    [           _fsdiv ]
C:\Program Files (x86)\SDCC\bin\..\lib\large/libfloat.lib    [        _fs2uchar ]
C:\Program Files (x86)\SDCC\bin\..\lib\large/libfloat.lib    [        _uchar2fs ]

ASxxxx Linker V01.70 + NoICE + SDCC Feb 1999,  page 2.

User Base Address Definitions

HOME = 0x0000
ISEG = 0x0080
BSEG = 0x0000

